// Jest Snapshot v1, https://goo.gl/fbAQLP

exports[`Switch test cases Switch render check 1`] = `
<DocumentFragment>
  .emotion-0 {
  margin-right: 0.5rem;
  color: #e6e6e6;
  font-size: 0.85rem;
}

.emotion-1 {
  height: 1.6rem;
  padding-left: 0.2rem;
  color: #dddddd;
  background-color: #383b40;
  border: 0.5px solid #010101;
  border-radius: 0.5rem;
  outline: none;
  cursor: pointer;
}

<div>
    <label
      class="emotion-0"
    >
      Change: 
    </label>
    <select
      class="emotion-1"
    >
      <option>
        option1
      </option>
      <option>
        option2
      </option>
      <option>
        option3
      </option>
    </select>
  </div>
</DocumentFragment>
`;
