// Jest Snapshot v1, https://goo.gl/fbAQLP

exports[`Toggle button check Toggle render check 1`] = `
<DocumentFragment>
  .emotion-0 {
  margin: 0 0.3rem;
  padding: 0.3rem 0.7rem;
  color: #e6e6e6;
  background-color: #383b40;
  border-radius: 0.5rem;
  border: 0.5px solid #010101;
  font-family: 'Roboto',sans-serif;
  cursor: pointer;
}

.emotion-0:hover {
  background-color: #383b405e;
}

<button
    class="emotion-0"
  >
    Stop/Start
  </button>
</DocumentFragment>
`;
